// Jest Snapshot v1, https://goo.gl/fbAQLP

exports[`should render Header correctly 1`] = `
<header>
  <h1>
    Expensify
  </h1>
  <nav>
    <NavLink
      to="/"
    >
      Dashboard
    </NavLink>
    <NavLink
      to="/createExpense"
    >
      Create Expense
    </NavLink>
    <NavLink
      to="/contact"
    >
      Contact
    </NavLink>
  </nav>
</header>
`;
