// Jest Snapshot v1, https://goo.gl/fbAQLP

exports[`should render PageJNotFound correctly 1`] = `
<div>
  Page not found
  <Link
    to="/"
  >
    Go to home
  </Link>
</div>
`;
